// Jest Snapshot v1, https://goo.gl/fbAQLP

exports[`GraphQL: shows() should fetch shows list 1`] = `
Object {
  "meta": Object {
    "totalCount": 2,
  },
  "node": Array [
    Object {
      "id": "1",
      "name": "show-1",
    },
    Object {
      "id": "999",
      "name": "show-999",
    },
  ],
}
`;
